[fenture.io/index.html]
[backblue.gif]
[fade.gif]
[index.html]
[fenture.io/wp-includes/css/dist/block-library/style.min9b30.css]
[fenture.io/wp-content/themes/hello-elementor/style.minc141.css]
[fenture.io/feed/index.html]
[fenture.io/comments/feed/index.html]
[fenture.io/wp-content/themes/hello-elementor/theme.minc141.css]
[fenture.io/wp-content/plugins/elementor/assets/css/frontend-lite.mina560.css]
[fenture.io/wp-content/uploads/elementor/css/post-6ea6c.css]
[fenture.io/wp-content/plugins/elementor/assets/lib/eicons/css/elementor-icons.min91ce.css]
[fenture.io/wp-content/plugins/elementor-pro/assets/css/frontend-lite.mina560.css]
[fenture.io/wp-content/uploads/elementor/css/globalea6c.css]
[fenture.io/wp-content/uploads/elementor/css/post-126f51.css]
[fenture.io/wp-content/plugins/elementor/assets/lib/font-awesome/css/fontawesome.min52d5.css]
[fenture.io/wp-content/plugins/elementor/assets/lib/font-awesome/css/solid.min52d5.css]
[fenture.io/wp-content/plugins/elementor/assets/lib/font-awesome/css/brands.min52d5.css]
[fenture.io/wp-includes/js/jquery/jquery.min3088.js]
[fenture.io/wp-includes/js/jquery/jquery-migrate.min5589.js]
[fenture.io/wp-json/wp/v2/pages/12.json]
[fenture.io/wp-json/index.html]
[fenture.io/xmlrpc0db0.php]
[fenture.io/wp-json/oembed/1.0/embed82f7.json]
[fenture.io/wp-json/oembed/1.0/embedd000]
[fenture.io/wp-content/uploads/2022/12/Fenturefull-300x77-1.png]
[fenture.io/wp-content/uploads/2022/12/Fenturefullw-1024x262.png]
[fenture.io/wp-content/plugins/elementor-pro/assets/css/widget-nav-menu.min.css]
[fenture.io/wp-content/uploads/elementor/thumbs/Fenturefull-pz8lxbieesv1bvsifi8yiwnlzkjz08bra5y20s51j0.png]
[fenture.io/wp-content/plugins/elementor/assets/lib/animations/animations.mina560.css]
[fenture.io/wp-content/themes/hello-elementor/assets/js/hello-frontend.min8a54.js]
[fenture.io/transparency/index.html]
[fenture.io/wp-content/plugins/elementor-pro/assets/lib/smartmenus/jquery.smartmenus.minf269.js]
[fenture.io/wp-content/plugins/elementor-pro/assets/js/webpack-pro.runtime.mina560.js]
[fenture.io/wp-content/plugins/elementor/assets/js/webpack.runtime.mina560.js]
[fenture.io/wp-content/plugins/elementor/assets/js/frontend-modules.mina560.js]
[fenture.io/wp-includes/js/dist/vendor/wp-polyfill-inert.min0226.js]
[fenture.io/wp-includes/js/dist/vendor/regenerator-runtime.min8fa4.js]
[fenture.io/wp-includes/js/dist/vendor/wp-polyfill.min2c7c.js]
[fenture.io/wp-includes/js/dist/hooks.min2ebd.js]
[fenture.io/wp-includes/js/dist/i18n.minf92f.js]
[fenture.io/wp-content/plugins/elementor-pro/assets/js/frontend.mina560.js]
[fenture.io/wp-content/plugins/elementor/assets/lib/waypoints/waypoints.min05da.js]
[fenture.io/wp-includes/js/jquery/ui/core.min3f14.js]
[fenture.io/wp-content/plugins/elementor/assets/js/frontend.mina560.js]
[fenture.io/wp-content/plugins/elementor-pro/assets/js/elements-handlers.mina560.js]
[fenture.io/index.html]
[fonts.googleapis.com/css39db.css]
[fonts.gstatic.com/index.html]
[fenture.io/wp-content/uploads/elementor/css/post-1074282.css]
[fenture.io/wp-json/wp/v2/pages/107.json]
[fenture.io/wp-json/oembed/1.0/embedb3d2.json]
[fenture.io/wp-json/oembed/1.0/embedb30d]
[fenture.io/wp-content/uploads/2022/12/roadmap-leads--123x300.png]
[fenture.io/transparency/index.html]
[fenture.io/index5a24.html]
[fenture.io/wp-includes/js/jquery/jquery-migrate.min5589.js]
[fenture.io/wp-includes/css/dist/block-library/style.min9b30.css]
[fenture.io/wp-json/index.html]
[fenture.io/wp-includes/js/jquery/jquery.min3088.js]
[fenture.io/wp-content/themes/hello-elementor/style.minc141.css]
[fenture.io/xmlrpc0db0.php]
[fenture.io/wp-content/themes/hello-elementor/theme.minc141.css]
[fenture.io/wp-json/oembed/1.0/embed82f7.json]
[fenture.io/wp-content/plugins/elementor/assets/css/frontend-lite.mina560.css]
[fenture.io/wp-json/wp/v2/pages/12.json]
[fenture.io/wp-content/uploads/elementor/css/post-6ea6c.css]
[fenture.io/wp-json/oembed/1.0/embedd000]
[fenture.io/wp-content/themes/hello-elementor/assets/js/hello-frontend.min8a54.js]
[fenture.io/wp-content/plugins/elementor-pro/assets/lib/smartmenus/jquery.smartmenus.minf269.js]
[fenture.io/wp-content/plugins/elementor/assets/js/webpack.runtime.mina560.js]
[fenture.io/wp-content/plugins/elementor-pro/assets/js/webpack-pro.runtime.mina560.js]
[fenture.io/wp-content/plugins/elementor/assets/lib/eicons/fonts/eicons1075.eot]
[fenture.io/wp-content/plugins/elementor/assets/js/frontend-modules.mina560.js]
[fenture.io/wp-content/plugins/elementor/assets/lib/eicons/fonts/eicons1075.woff2]
[fenture.io/wp-includes/js/dist/vendor/wp-polyfill-inert.min0226.js]
[fenture.io/wp-includes/js/dist/hooks.min2ebd.js]
[fenture.io/wp-includes/js/dist/vendor/regenerator-runtime.min8fa4.js]
[fenture.io/wp-includes/js/dist/vendor/wp-polyfill.min2c7c.js]
[fenture.io/wp-content/plugins/elementor/assets/lib/eicons/fonts/eicons1075.woff]
[fenture.io/wp-content/plugins/elementor/assets/lib/waypoints/waypoints.min05da.js]
[fenture.io/wp-includes/js/dist/i18n.minf92f.js]
[fenture.io/wp-content/plugins/elementor-pro/assets/js/frontend.mina560.js]
[fenture.io/wp-content/plugins/elementor/assets/lib/eicons/fonts/eicons1075.ttf]
[fenture.io/wp-content/plugins/elementor/assets/js/frontend.mina560.js]
[fenture.io/wp-includes/js/jquery/ui/core.min3f14.js]
[fenture.io/wp-content/plugins/elementor-pro/assets/js/elements-handlers.mina560.js]
[fenture.io/wp-content/plugins/elementor/assets/lib/eicons/css/elementor-icons.min91ce.css]
[fenture.io/wp-content/plugins/elementor/assets/lib/eicons/fonts/eicons1075.svg]
[fenture.io/wp-json/oembed/1.0/embedb30d]
[fenture.io/wp-content/plugins/elementor-pro/assets/css/frontend-lite.mina560.css]
[fenture.io/wp-content/plugins/elementor/assets/lib/eicons/fonts/eicons1075.eot]
[fenture.io/wp-json/oembed/1.0/embedb3d2.json]
[fenture.io/wp-content/uploads/elementor/css/globalea6c.css]
[fenture.io/wp-content/plugins/elementor/assets/lib/eicons/fonts/eicons1075.woff2]
[fenture.io/wp-content/plugins/elementor/assets/lib/eicons/fonts/eicons1075.woff]
[fenture.io/wp-json/wp/v2/pages/107.json]
[fenture.io/wp-content/plugins/elementor/assets/lib/eicons/fonts/eicons1075.ttf]
[img.freepik.com/free-vector/white-abstract-wallpaper_23-21488300278a23.jpg]
[fenture.io/wp-content/uploads/elementor/css/post-126f51.css]
[i.ytimg.com/vi/R9mXtzn8meE/maxresdefault.jpg]
[fenture.io/wp-content/plugins/elementor/assets/lib/font-awesome/css/fontawesome.min52d5.css]
[fenture.io/wp-content/plugins/elementor/assets/lib/font-awesome/webfonts/fa-solid-900.eot]
[fenture.io/wp-content/plugins/elementor/assets/lib/font-awesome/webfonts/fa-solid-900.woff2]
[fenture.io/wp-content/plugins/elementor/assets/lib/font-awesome/webfonts/fa-solid-900d41d.eot]
[fenture.io/wp-content/plugins/elementor/assets/lib/font-awesome/webfonts/fa-solid-900.woff]
[fenture.io/wp-content/plugins/elementor/assets/lib/font-awesome/webfonts/fa-solid-900d41d.eot]
[fenture.io/wp-content/plugins/elementor/assets/lib/font-awesome/webfonts/fa-solid-900.ttf]
[fenture.io/wp-content/plugins/elementor/assets/lib/font-awesome/css/solid.min52d5.css]
[fenture.io/wp-content/plugins/elementor/assets/lib/font-awesome/webfonts/fa-solid-900.svg]
[fenture.io/wp-content/plugins/elementor/assets/lib/font-awesome/webfonts/fa-brands-400.eot]
[fenture.io/wp-content/plugins/elementor/assets/lib/font-awesome/webfonts/fa-brands-400.eot]
[fenture.io/wp-content/plugins/elementor/assets/lib/font-awesome/webfonts/fa-brands-400d41d.eot]
[fenture.io/wp-content/plugins/elementor/assets/lib/font-awesome/webfonts/fa-brands-400.woff2]
[fenture.io/wp-content/plugins/elementor/assets/lib/font-awesome/webfonts/fa-solid-900.woff2]
[fenture.io/wp-content/plugins/elementor/assets/lib/font-awesome/webfonts/fa-brands-400.woff]
[fenture.io/wp-content/plugins/elementor/assets/lib/font-awesome/webfonts/fa-brands-400.ttf]
[fenture.io/wp-content/plugins/elementor/assets/lib/font-awesome/webfonts/fa-brands-400.woff2]
[fenture.io/wp-content/plugins/elementor/assets/lib/font-awesome/webfonts/fa-brands-400.woff]
[fenture.io/wp-content/plugins/elementor/assets/lib/font-awesome/css/brands.min52d5.css]
[fenture.io/wp-content/plugins/elementor-pro/assets/css/widget-nav-menu.min.css]
[fenture.io/wp-content/plugins/elementor/assets/lib/animations/animations.mina560.css]
[fenture.io/wp-content/uploads/elementor/css/post-1074282.css]
[fenture.io/index5a24.html]
[fenture.io/wp-content/plugins/elementor/assets/lib/eicons/fonts/eicons1075.svg]
[fenture.io/wp-content/plugins/elementor/assets/lib/font-awesome/webfonts/fa-solid-900.svg]
[fenture.io/wp-content/plugins/elementor/assets/lib/font-awesome/webfonts/fa-brands-400.svg]
[fenture.io/wp-content/plugins/elementor/assets/lib/font-awesome/webfonts/fa-brands-400.svg]
